#-----------------------------------------------------------
# Vivado v2022.2 (64-bit)
# SW Build 3671981 on Fri Oct 14 05:00:03 MDT 2022
# IP Build 3669848 on Fri Oct 14 08:30:02 MDT 2022
# Start of session at: Sun Mar 10 23:20:13 2024
# Process ID: 2592
# Current directory: C:/zedboard_adrv9002_project/adi_hdl_2022_r2/projects/adrv9001/zed/adrv9001_zed.runs/system_axi_hdmi_core_0_synth_1
# Command line: vivado.exe -log system_axi_hdmi_core_0.vds -product Vivado -mode batch -messageDb vivado.pb -notrace -source system_axi_hdmi_core_0.tcl
# Log file: C:/zedboard_adrv9002_project/adi_hdl_2022_r2/projects/adrv9001/zed/adrv9001_zed.runs/system_axi_hdmi_core_0_synth_1/system_axi_hdmi_core_0.vds
# Journal file: C:/zedboard_adrv9002_project/adi_hdl_2022_r2/projects/adrv9001/zed/adrv9001_zed.runs/system_axi_hdmi_core_0_synth_1\vivado.jou
# Running On: PC_HP, OS: Windows, CPU Frequency: 1190 MHz, CPU Physical cores: 2, Host memory: 16848 MB
#-----------------------------------------------------------
source system_axi_hdmi_core_0.tcl -notrace
